// Jest Snapshot v1, https://goo.gl/fbAQLP

exports[`App initializes correctly 1`] = `
ShallowWrapper {
  "length": 1,
  Symbol(enzyme.__root__): [Circular],
  Symbol(enzyme.__unrendered__): <App />,
  Symbol(enzyme.__renderer__): Object {
    "batchedUpdates": [Function],
    "getNode": [Function],
    "render": [Function],
    "simulateEvent": [Function],
    "unmount": [Function],
  },
  Symbol(enzyme.__node__): Object {
    "instance": null,
    "key": undefined,
    "nodeType": "host",
    "props": Object {
      "children": Array [
        <h1>
          REACT DJ
</h1>,
        <div
          className="input-group"
>
          <input
                    className="form-control"
                    id="year-input"
                    name="input"
                    onChange={undefined}
                    placeholder="Enter a year"
                    type="text"
                    value={undefined}
          />
</div>,
      ],
    },
    "ref": null,
    "rendered": Array [
      Object {
        "instance": null,
        "key": undefined,
        "nodeType": "host",
        "props": Object {
          "children": "REACT DJ",
        },
        "ref": null,
        "rendered": "REACT DJ",
        "type": "h1",
      },
      Object {
        "instance": null,
        "key": undefined,
        "nodeType": "host",
        "props": Object {
          "children": <input
            className="form-control"
            id="year-input"
            name="input"
            onChange={undefined}
            placeholder="Enter a year"
            type="text"
            value={undefined}
/>,
          "className": "input-group",
        },
        "ref": null,
        "rendered": Object {
          "instance": null,
          "key": undefined,
          "nodeType": "host",
          "props": Object {
            "className": "form-control",
            "id": "year-input",
            "name": "input",
            "onChange": undefined,
            "placeholder": "Enter a year",
            "type": "text",
            "value": undefined,
          },
          "ref": null,
          "rendered": null,
          "type": "input",
        },
        "type": "div",
      },
    ],
    "type": "div",
  },
  Symbol(enzyme.__nodes__): Array [
    Object {
      "instance": null,
      "key": undefined,
      "nodeType": "host",
      "props": Object {
        "children": Array [
          <h1>
            REACT DJ
</h1>,
          <div
            className="input-group"
>
            <input
                        className="form-control"
                        id="year-input"
                        name="input"
                        onChange={undefined}
                        placeholder="Enter a year"
                        type="text"
                        value={undefined}
            />
</div>,
        ],
      },
      "ref": null,
      "rendered": Array [
        Object {
          "instance": null,
          "key": undefined,
          "nodeType": "host",
          "props": Object {
            "children": "REACT DJ",
          },
          "ref": null,
          "rendered": "REACT DJ",
          "type": "h1",
        },
        Object {
          "instance": null,
          "key": undefined,
          "nodeType": "host",
          "props": Object {
            "children": <input
              className="form-control"
              id="year-input"
              name="input"
              onChange={undefined}
              placeholder="Enter a year"
              type="text"
              value={undefined}
/>,
            "className": "input-group",
          },
          "ref": null,
          "rendered": Object {
            "instance": null,
            "key": undefined,
            "nodeType": "host",
            "props": Object {
              "className": "form-control",
              "id": "year-input",
              "name": "input",
              "onChange": undefined,
              "placeholder": "Enter a year",
              "type": "text",
              "value": undefined,
            },
            "ref": null,
            "rendered": null,
            "type": "input",
          },
          "type": "div",
        },
      ],
      "type": "div",
    },
  ],
  Symbol(enzyme.__options__): Object {
    "adapter": ReactSixteenAdapter {
      "options": Object {
        "enableComponentDidUpdateOnSetState": true,
      },
    },
    "disableLifecycleMethods": true,
  },
}
`;
